// Jest Snapshot v1, https://goo.gl/fbAQLP

exports[`parseIncomingMessage should properly parse a getInfoResponse response 1`] = `
Array [
  "type",
  "uri",
  "method",
  "status",
  "body",
  "headers",
  "date",
]
`;

exports[`parseIncomingMessage should properly parse a getInfoResponse response 2`] = `
Object {
  "body": Object {
    "TYDOM.dat": 1,
    "apiMode": true,
    "bdd.json": 11,
    "bddEmpty": false,
    "bddStatus": 0,
    "bdd_mig.json": 0,
    "bootReference": "P21260012",
    "bootVersion": "01.00.03",
    "clock": Object {
      "clock": "2020-01-17T13:12:13+01:00",
      "summerOffset": "ON",
      "timezone": 60,
    },
    "collect.json": 5,
    "config": "prod",
    "config.json": 1,
    "gateway.dat": 0,
    "geoloc": Object {
      "latitude": 48897412,
      "longitude": 2125472,
    },
    "groups.json": 6,
    "info_mig.json": 0,
    "keyReference": "21260011",
    "keyVersionHW": "00.00.01",
    "keyVersionSW": "01.03.03",
    "keyVersionStack": "01.01.03",
    "mac": "001A2502951F",
    "mainId": "6414118",
    "mainReference": "21260010",
    "mainVersionHW": "00.00.01",
    "mainVersionSW": "02.02.53",
    "mom.json": 0,
    "mom_api.json": 105,
    "moments": Object {
      "suspend": Object {
        "to": 0,
      },
    },
    "passwordEmpty": false,
    "productName": "TYDOM2",
    "scenario.json": 5,
    "site.json": 149,
    "updateAvailable": false,
    "urlMediation": "mediation.tydom.com",
  },
  "headers": Map {
    "server" => "Tydom-001A2502951F",
    "uri-origin" => "/info",
    "content-type" => "application/json",
    "transfer-encoding" => "chunked",
    "transac-id" => "request_1",
  },
  "method": null,
  "status": 200,
  "type": "response",
  "uri": "/info",
}
`;

exports[`parseIncomingMessage should properly parse a updatedDevicesData response 1`] = `
Array [
  "type",
  "uri",
  "method",
  "status",
  "body",
  "headers",
  "date",
]
`;

exports[`parseIncomingMessage should properly parse a updatedDevicesData response 2`] = `
Object {
  "body": Array [
    Object {
      "endpoints": Array [
        Object {
          "data": Array [
            Object {
              "name": "level",
              "validity": "upToDate",
              "value": 100,
            },
            Object {
              "name": "onFavPos",
              "validity": "upToDate",
              "value": false,
            },
          ],
          "error": 0,
          "id": 1531745761,
        },
      ],
      "id": 1531745761,
    },
  ],
  "headers": Map {
    "server" => "Tydom-001A2502951F",
    "content-type" => "application/json",
    "transfer-encoding" => "chunked",
  },
  "method": "PUT",
  "status": null,
  "type": "request",
  "uri": "/devices/data",
}
`;
