// Jest Snapshot v1, https://goo.gl/fbAQLP

exports[`client should properly create a client 1`] = `
Array [
  "_events",
  "_eventsCount",
  "_maxListeners",
  "config",
  "socket",
  "lastUniqueId",
  "pool",
  "keepAliveInterval",
  "reconnectInterval",
  "isExiting",
]
`;

exports[`client should properly create a client 2`] = `
Array [
  Object {},
  0,
  undefined,
  Object {
    "closeOnExit": true,
    "followUpDebounce": 400,
    "hostname": "mediation.tydom.com",
    "keepAlive": true,
    "keepAliveInterval": 15000,
    "password": "MyPassw0rd!",
    "reconnectInterval": 10000,
    "requestTimeout": 5000,
    "userAgent": "Tydom/255 CFNetwork/1125.2 Darwin/19.4.0",
    "username": "001A25123456",
  },
  undefined,
  0,
  Map {},
  undefined,
  undefined,
  false,
]
`;
