// Vitest Snapshot v1, https://vitest.dev/guide/snapshot.html

exports[`client > should properly create a client 1`] = `
[
  "_events",
  "_eventsCount",
  "_maxListeners",
  "config",
  "socket",
  "client",
  "lastUniqueId",
  "attemptCount",
  "pool",
  "keepAliveInterval",
  "reconnectTimeout",
  "retrySuccessTimeout",
  "isExiting",
]
`;

exports[`client > should properly create a client 2`] = `
[
  {},
  0,
  undefined,
  {
    "closeOnExit": true,
    "followUpDebounce": 400,
    "hostname": "mediation.tydom.com",
    "keepAlive": true,
    "keepAliveInterval": 30000,
    "password": "MyPassw0rd!",
    "requestTimeout": 5000,
    "retryOnClose": true,
    "userAgent": "DeltaDoreApplication-prod/686 CFNetwork/1404.0.5 Darwin/22.3.0",
    "username": "001A25123456",
  },
  undefined,
  [Function],
  0,
  0,
  Map {},
  undefined,
  undefined,
  undefined,
  false,
]
`;
